                                                                                                                                                                                                                                                                                                                                                                                                                                                                                                                                                                                                                                                                                                                                                                                                                                                                                                                                                                                                                                                                                                                                                                                                                                                                                                                                                                                                                                                                                                                                                                                                                                                                                                                                                                                                                                                                                                                                                                                                                                                                                                                                                                                                                                                                                                                                                                                                                                                                                                                                                                                                                                                                                                                                                                                                                                                                                                                                                                                                                                                                                                                                                                                                                                                                                                                                                                                                                                                                                                                                                                                                                                                                                                                                                                                                                                                                                                                                                                                                                                                                           Rceiving CAN frame : CANFrame { _id: 294, _data_len: 3, _pad: 0, _res0: 0, _res1: 0, _data: [170, 177, 254, 0, 0, 0, 0, 0] } ......!
Rceiving CAN frame : CANFrame { _id: 294, _data_len: 3, _pad: 0, _res0: 0, _res1: 0, _data: [170, 177, 254, 0, 0, 0, 0, 0] } ......!
Rceiving CAN frame : CANFrame { _id: 294, _data_len: 3, _pad: 0, _res0: 0, _res1: 0, _data: [170, 177, 254, 0, 0, 0, 0, 0] } ......!
Rceiving CAN frame : CANFrame { _id: 294, _data_len: 3, _pad: 0, _res0: 0, _res1: 0, _data: [170, 177, 254, 0, 0, 0, 0, 0] } ......!
Rceiving CAN frame : CANFrame { _id: 294, _data_len: 3, _pad: 0, _res0: 0, _res1: 0, _data: [170, 177, 254, 0, 0, 0, 0, 0] } ......!
Rceiving CAN frame : CANFrame { _id: 294, _data_len: 3, _pad: 0, _res0: 0, _res1: 0, _data: [170, 177, 254, 0, 0, 0, 0, 0] } ......!
Rceiving CAN frame : CANFrame { _id: 294, _data_len: 3, _pad: 0, _res0: 0, _res1: 0, _data: [170, 177, 254, 0, 0, 0, 0, 0] } ......!
Rceiving CAN frame : CANFrame { _id: 294, _data_len: 3, _pad: 0, _res0: 0, _res1: 0, _data: [170, 177, 254, 0, 0, 0, 0, 0] } ......!
Rceiving CAN frame : CANFrame { _id: 294, _data_len: 3, _pad: 0, _res0: 0, _res1: 0, _data: [170, 177, 254, 0, 0, 0, 0, 0] } ......!
Rceiving CAN frame : CANFrame { _id: 294, _data_len: 3, _pad: 0, _res0: 0, _res1: 0, _data: [170, 177, 254, 0, 0, 0, 0, 0] } ......!
Rceiving CAN frame : CANFrame { _id: 294, _data_len: 3, _pad: 0, _res0: 0, _res1: 0, _data: [170, 177, 254, 0, 0, 0, 0, 0] } ......!
Rceiving CAN frame : CANFrame { _id: 294, _data_len: 3, _pad: 0, _res0: 0, _res1: 0, _data: [170, 177, 254, 0, 0, 0, 0, 0] } ......!
Rceiving CAN frame : CANFrame { _id: 294, _data_len: 3, _pad: 0, _res0: 0, _res1: 0, _data: [170, 177, 254, 0, 0, 0, 0, 0] } ......!
Rceiving CAN frame : CANFrame { _id: 294, _data_len: 3, _pad: 0, _res0: 0, _res1: 0, _data: [170, 177, 254, 0, 0, 0, 0, 0] } ......!
Rceiving CAN frame : CANFrame { _id: 294, _data_len: 3, _pad: 0, _res0: 0, _res1: 0, _data: [170, 177, 254, 0, 0, 0, 0, 0] } ......!
Rceiving CAN frame : CANFrame { _id: 294, _data_len: 3, _pad: 0, _res0: 0, _res1: 0, _data: [170, 177, 254, 0, 0, 0, 0, 0] } ......!
Rceiving CAN frame : CANFrame { _id: 294, _data_len: 3, _pad: 0, _res0: 0, _res1: 0, _data: [170, 177, 254, 0, 0, 0, 0, 0] } ......!
Rceiving CAN frame : CANFrame { _id: 294, _data_len: 3, _pad: 0, _res0: 0, _res1: 0, _data: [170, 177, 254, 0, 0, 0, 0, 0] } ......!
Rceiving CAN frame : CANFrame { _id: 294, _data_len: 3, _pad: 0, _res0: 0, _res1: 0, _data: [170, 177, 254, 0, 0, 0, 0, 0] } ......!
Rceiving CAN frame : CANFrame { _id: 294, _data_len: 3, _pad: 0, _res0: 0, _res1: 0, _data: [170, 177, 254, 0, 0, 0, 0, 0] } ......!
Rceiving CAN frame : CANFrame { _id: 294, _data_len: 3, _pad: 0, _res0: 0, _res1: 0, _data: [170, 177, 254, 0, 0, 0, 0, 0] } ......!
Rceiving CAN frame : CANFrame { _id: 294, _data_len: 3, _pad: 0, _res0: 0, _res1: 0, _data: [170, 177, 254, 0, 0, 0, 0, 0] } ......!
Rceiving CAN frame : CANFrame { _id: 294, _data_len: 3, _pad: 0, _res0: 0, _res1: 0, _data: [170, 177, 254, 0, 0, 0, 0, 0] } ......!
Rceiving CAN frame : CANFrame { _id: 294, _data_len: 3, _pad: 0, _res0: 0, _res1: 0, _data: [170, 177, 254, 0, 0, 0, 0, 0] } ......!
Rceiving CAN frame : CANFrame { _id: 294, _data_len: 3, _pad: 0, _res0: 0, _res1: 0, _data: [170, 177, 254, 0, 0, 0, 0, 0] } ......!
Rceiving CAN frame : CANFrame { _id: 294, _data_len: 3, _pad: 0, _res0: 0, _res1: 0, _data: [170, 177, 254, 0, 0, 0, 0, 0] } ......!
Rceiving CAN frame : CANFrame { _id: 294, _data_len: 3, _pad: 0, _res0: 0, _res1: 0, _data: [170, 177, 254, 0, 0, 0, 0, 0] } ......!
Rceiving CAN frame : CANFrame { _id: 294, _data_len: 3, _pad: 0, _res0: 0, _res1: 0, _data: [170, 177, 254, 0, 0, 0, 0, 0] } ......!
Rceiving CAN frame : CANFrame { _id: 294, _data_len: 3, _pad: 0, _res0: 0, _res1: 0, _data: [170, 177, 254, 0, 0, 0, 0, 0] } ......!
Rceiving CAN frame : CANFrame { _id: 294, _data_len: 3, _pad: 0, _res0: 0, _res1: 0, _data: [170, 177, 254, 0, 0, 0, 0, 0] } ......!
Rceiving CAN frame : CANFrame { _id: 294, _data_len: 3, _pad: 0, _res0: 0, _res1: 0, _data: [170, 177, 254, 0, 0, 0, 0, 0] } ......!
Rceiving CAN frame : CANFrame { _id: 294, _data_len: 3, _pad: 0, _res0: 0, _res1: 0, _data: [170, 177, 254, 0, 0, 0, 0, 0] } ......!
Rceiving CAN frame : CANFrame { _id: 294, _data_len: 3, _pad: 0, _res0: 0, _res1: 0, _data: [170, 177, 254, 0, 0, 0, 0, 0] } ......!
Rceiving CAN frame : CANFrame { _id: 294, _data_len: 3, _pad: 0, _res0: 0, _res1: 0, _data: [170, 177, 254, 0, 0, 0, 0, 0] } ......!
Rceiving CAN frame : CANFrame { _id: 294, _data_len: 3, _pad: 0, _res0: 0, _res1: 0, _data: [170, 177, 254, 0, 0, 0, 0, 0] } ......!
Rceiving CAN frame : CANFrame { _id: 294, _data_len: 3, _pad: 0, _res0: 0, _res1: 0, _data: [170, 177, 254, 0, 0, 0, 0, 0] } ......!
Rceiving CAN frame : CANFrame { _id: 294, _data_len: 3, _pad: 0, _res0: 0, _res1: 0, _data: [170, 177, 254, 0, 0, 0, 0, 0] } ......!
Rceiving CAN frame : CANFrame { _id: 294, _data_len: 3, _pad: 0, _res0: 0, _res1: 0, _data: [170, 177, 254, 0, 0, 0, 0, 0] } ......!
Rceiving CAN frame : CANFrame { _id: 294, _data_len: 3, _pad: 0, _res0: 0, _res1: 0, _data: [170, 177, 254, 0, 0, 0, 0, 0] } ......!
Rceiving CAN frame : CANFrame { _id: 294, _data_len: 3, _pad: 0, _res0: 0, _res1: 0, _data: [170, 177, 254, 0, 0, 0, 0, 0] } ......!
Rceiving CAN frame : CANFrame { _id: 294, _data_len: 3, _pad: 0, _res0: 0, _res1: 0, _data: [170, 177, 254, 0, 0, 0, 0, 0] } ......!
Rceiving CAN frame : CANFrame { _id: 294, _data_len: 3, _pad: 0, _res0: 0, _res1: 0, _data: [170, 177, 254, 0, 0, 0, 0, 0] } ......!
Rceiving CAN frame : CANFrame { _id: 294, _data_len: 3, _pad: 0, _res0: 0, _res1: 0, _data: [170, 177, 254, 0, 0, 0, 0, 0] } ......!
Rceiving CAN frame : CANFrame { _id: 294, _data_len: 3, _pad: 0, _res0: 0, _res1: 0, _data: [170, 177, 254, 0, 0, 0, 0, 0] } ......!
Rceiving CAN frame : CANFrame { _id: 294, _data_len: 3, _pad: 0, _res0: 0, _res1: 0, _data: [170, 177, 254, 0, 0, 0, 0, 0] } ......!
Rceiving CAN frame : CANFrame { _id: 294, _data_len: 3, _pad: 0, _res0: 0, _res1: 0, _data: [170, 177, 254, 0, 0, 0, 0, 0] } ......!
Rceiving CAN frame : CANFrame { _id: 294, _data_len: 3, _pad: 0, _res0: 0, _res1: 0, _data: [170, 177, 254, 0, 0, 0, 0, 0] } ......!
Rceiving CAN frame : CANFrame { _id: 294, _data_len: 3, _pad: 0, _res0: 0, _res1: 0, _data: [170, 177, 254, 0, 0, 0, 0, 0] } ......!
Rceiving CAN frame : CANFrame { _id: 294, _data_len: 3, _pad: 0, _res0: 0, _res1: 0, _data: [170, 177, 254, 0, 0, 0, 0, 0] } ......!
Rceiving CAN frame : CANFrame { _id: 294, _data_len: 3, _pad: 0, _res0: 0, _res1: 0, _data: [170, 177, 254, 0, 0, 0, 0, 0] } ......!
Rceiving CAN frame : CANFrame { _id: 294, _data_len: 3, _pad: 0, _res0: 0, _res1: 0, _data: [170, 177, 254, 0, 0, 0, 0, 0] } ......!
Rceiving CAN frame : CANFrame { _id: 294, _data_len: 3, _pad: 0, _res0: 0, _res1: 0, _data: [170, 177, 254, 0, 0, 0, 0, 0] } ......!
Rceiving CAN frame : CANFrame { _id: 294, _data_len: 3, _pad: 0, _res0: 0, _res1: 0, _data: [170, 177, 254, 0, 0, 0, 0, 0] } ......!
Rceiving CAN frame : CANFrame { _id: 294, _data_len: 3, _pad: 0, _res0: 0, _res1: 0, _data: [170, 177, 254, 0, 0, 0, 0, 0] } ......!
Rceiving CAN frame : CANFrame { _id: 294, _data_len: 3, _pad: 0, _res0: 0, _res1: 0, _data: [170, 177, 254, 0, 0, 0, 0, 0] } ......!
Rceiving CAN frame : CANFrame { _id: 294, _data_len: 3, _pad: 0, _res0: 0, _res1: 0, _data: [170, 177, 254, 0, 0, 0, 0, 0] } ......!
Rceiving CAN frame : CANFrame { _id: 294, _data_len: 3, _pad: 0, _res0: 0, _res1: 0, _data: [170, 177, 254, 0, 0, 0, 0, 0] } ......!
Rceiving CAN frame : CANFrame { _id: 294, _data_len: 3, _pad: 0, _res0: 0, _res1: 0, _data: [170, 177, 254, 0, 0, 0, 0, 0] } ......!
Rceiving CAN frame : CANFrame { _id: 294, _data_len: 3, _pad: 0, _res0: 0, _res1: 0, _data: [170, 177, 254, 0, 0, 0, 0, 0] } ......!
Rceiving CAN frame : CANFrame { _id: 294, _data_len: 3, _pad: 0, _res0: 0, _res1: 0, _data: [170, 177, 254, 0, 0, 0, 0, 0] } ......!
Rceiving CAN frame : CANFrame { _id: 294, _data_len: 3, _pad: 0, _res0: 0, _res1: 0, _data: [170, 177, 254, 0, 0, 0, 0, 0] } ......!
Rceiving CAN frame : CANFrame { _id: 294, _data_len: 3, _pad: 0, _res0: 0, _res1: 0, _data: [170, 177, 254, 0, 0, 0, 0, 0] } ......!
Rceiving CAN frame : CANFrame { _id: 294, _data_len: 3, _pad: 0, _res0: 0, _res1: 0, _data: [170, 177, 254, 0, 0, 0, 0, 0] } ......!
Rceiving CAN frame : CANFrame { _id: 294, _data_len: 3, _pad: 0, _res0: 0, _res1: 0, _data: [170, 177, 254, 0, 0, 0, 0, 0] } ......!
Rceiving CAN frame : CANFrame { _id: 294, _data_len: 3, _pad: 0, _res0: 0, _res1: 0, _data: [170, 177, 254, 0, 0, 0, 0, 0] } ......!
Rceiving CAN frame : CANFrame { _id: 294, _data_len: 3, _pad: 0, _res0: 0, _res1: 0, _data: [170, 177, 254, 0, 0, 0, 0, 0] } ......!
Rceiving CAN frame : CANFrame { _id: 294, _data_len: 3, _pad: 0, _res0: 0, _res1: 0, _data: [170, 177, 254, 0, 0, 0, 0, 0] } ......!
Rceiving CAN frame : CANFrame { _id: 294, _data_len: 3, _pad: 0, _res0: 0, _res1: 0, _data: [170, 177, 254, 0, 0, 0, 0, 0] } ......!
Rceiving CAN frame : CANFrame { _id: 294, _data_len: 3, _pad: 0, _res0: 0, _res1: 0, _data: [170, 177, 254, 0, 0, 0, 0, 0] } ......!
Rceiving CAN frame : CANFrame { _id: 294, _data_len: 3, _pad: 0, _res0: 0, _res1: 0, _data: [170, 177, 254, 0, 0, 0, 0, 0] } ......!
                                                                                                                                                                                                                                                                                                                                                                                                                                                                                                                                                                                                                                                                                                                                                                                                                                                                                                                                                                                                                                                                                                        Rceiving CAN frame : CANFrame { _id: 294, _data_len: 3, _pad: 0, _res0: 0, _res1: 0, _data: [170, 177, 254, 0, 0, 0, 0, 0] } ......!
Rceiving CAN frame : CANFrame { _id: 294, _data_len: 3, _pad: 0, _res0: 0, _res1: 0, _data: [170, 177, 254, 0, 0, 0, 0, 0] } ......!
Rceiving CAN frame : CANFrame { _id: 294, _data_len: 3, _pad: 0, _res0: 0, _res1: 0, _data: [170, 177, 254, 0, 0, 0, 0, 0] } ......!
Rceiving CAN frame : CANFrame { _id: 294, _data_len: 3, _pad: 0, _res0: 0, _res1: 0, _data: [170, 177, 254, 0, 0, 0, 0, 0] } ......!
Rceiving CAN frame : CANFrame { _id: 294, _data_len: 3, _pad: 0, _res0: 0, _res1: 0, _data: [170, 177, 254, 0, 0, 0, 0, 0] } ......!
Rceiving CAN frame : CANFrame { _id: 294, _data_len: 3, _pad: 0, _res0: 0, _res1: 0, _data: [170, 177, 254, 0, 0, 0, 0, 0] } ......!
Rceiving CAN frame : CANFrame { _id: 294, _data_len: 3, _pad: 0, _res0: 0, _res1: 0, _data: [170, 177, 254, 0, 0, 0, 0, 0] } ......!
Rceiving CAN frame : CANFrame { _id: 294, _data_len: 3, _pad: 0, _res0: 0, _res1: 0, _data: [170, 177, 254, 0, 0, 0, 0, 0] } ......!
Rceiving CAN frame : CANFrame { _id: 294, _data_len: 3, _pad: 0, _res0: 0, _res1: 0, _data: [170, 177, 254, 0, 0, 0, 0, 0] } ......!
Rceiving CAN frame : CANFrame { _id: 294, _data_len: 3, _pad: 0, _res0: 0, _res1: 0, _data: [170, 177, 254, 0, 0, 0, 0, 0] } ......!
Rceiving CAN frame : CANFrame { _id: 294, _data_len: 3, _pad: 0, _res0: 0, _res1: 0, _data: [170, 177, 254, 0, 0, 0, 0, 0] } ......!
Rceiving CAN frame : CANFrame { _id: 294, _data_len: 3, _pad: 0, _res0: 0, _res1: 0, _data: [170, 177, 254, 0, 0, 0, 0, 0] } ......!
Rceiving CAN frame : CANFrame { _id: 294, _data_len: 3, _pad: 0, _res0: 0, _res1: 0, _data: [170, 177, 254, 0, 0, 0, 0, 0] } ......!
Rceiving CAN frame : CANFrame { _id: 294, _data_len: 3, _pad: 0, _res0: 0, _res1: 0, _data: [170, 177, 254, 0, 0, 0, 0, 0] } ......!
Rceiving CAN frame : CANFrame { _id: 294, _data_len: 3, _pad: 0, _res0: 0, _res1: 0, _data: [170, 177, 254, 0, 0, 0, 0, 0] } ......!
Rceiving CAN frame : CANFrame { _id: 294, _data_len: 3, _pad: 0, _res0: 0, _res1: 0, _data: [170, 177, 254, 0, 0, 0, 0, 0] } ......!
Rceiving CAN frame : CANFrame { _id: 294, _data_len: 3, _pad: 0, _res0: 0, _res1: 0, _data: [170, 177, 254, 0, 0, 0, 0, 0] } ......!
Rceiving CAN frame : CANFrame { _id: 294, _data_len: 3, _pad: 0, _res0: 0, _res1: 0, _data: [170, 177, 254, 0, 0, 0, 0, 0] } ......!
Rceiving CAN frame : CANFrame { _id: 294, _data_len: 3, _pad: 0, _res0: 0, _res1: 0, _data: [170, 177, 254, 0, 0, 0, 0, 0] } ......!
Rceiving CAN frame : CANFrame { _id: 294, _data_len: 3, _pad: 0, _res0: 0, _res1: 0, _data: [170, 177, 254, 0, 0, 0, 0, 0] } ......!
Rceiving CAN frame : CANFrame { _id: 294, _data_len: 3, _pad: 0, _res0: 0, _res1: 0, _data: [170, 177, 254, 0, 0, 0, 0, 0] } ......!
Rceiving CAN frame : CANFrame { _id: 294, _data_len: 3, _pad: 0, _res0: 0, _res1: 0, _data: [170, 177, 254, 0, 0, 0, 0, 0] } ......!
Rceiving CAN frame : CANFrame { _id: 294, _data_len: 3, _pad: 0, _res0: 0, _res1: 0, _data: [170, 177, 254, 0, 0, 0, 0, 0] } ......!
Rceiving CAN frame : CANFrame { _id: 294, _data_len: 3, _pad: 0, _res0: 0, _res1: 0, _data: [170, 177, 254, 0, 0, 0, 0, 0] } ......!
Rceiving CAN frame : CANFrame { _id: 294, _data_len: 3, _pad: 0, _res0: 0, _res1: 0, _data: [170, 177, 254, 0, 0, 0, 0, 0] } ......!
Rceiving CAN frame : CANFrame { _id: 294, _data_len: 3, _pad: 0, _res0: 0, _res1: 0, _data: [170, 177, 254, 0, 0, 0, 0, 0] } ......!
Rceiving CAN frame : CANFrame { _id: 294, _data_len: 3, _pad: 0, _res0: 0, _res1: 0, _data: [170, 177, 254, 0, 0, 0, 0, 0] } ......!
Rceiving CAN frame : CANFrame { _id: 294, _data_len: 3, _pad: 0, _res0: 0, _res1: 0, _data: [170, 177, 254, 0, 0, 0, 0, 0] } ......!
Rceiving CAN frame : CANFrame { _id: 294, _data_len: 3, _pad: 0, _res0: 0, _res1: 0, _data: [170, 177, 254, 0, 0, 0, 0, 0] } ......!
Rceiving CAN frame : CANFrame { _id: 294, _data_len: 3, _pad: 0, _res0: 0, _res1: 0, _data: [170, 177, 254, 0, 0, 0, 0, 0] } ......!
Rceiving CAN frame : CANFrame { _id: 294, _data_len: 3, _pad: 0, _res0: 0, _res1: 0, _data: [170, 177, 254, 0, 0, 0, 0, 0] } ......!
Rceiving CAN frame : CANFrame { _id: 294, _data_len: 3, _pad: 0, _res0: 0, _res1: 0, _data: [170, 177, 254, 0, 0, 0, 0, 0] } ......!
Rceiving CAN frame : CANFrame { _id: 294, _data_len: 3, _pad: 0, _res0: 0, _res1: 0, _data: [170, 177, 254, 0, 0, 0, 0, 0] } ......!
Rceiving CAN frame : CANFrame { _id: 294, _data_len: 3, _pad: 0, _res0: 0, _res1: 0, _data: [170, 177, 254, 0, 0, 0, 0, 0] } ......!
Rceiving CAN frame : CANFrame { _id: 294, _data_len: 3, _pad: 0, _res0: 0, _res1: 0, _data: [170, 177, 254, 0, 0, 0, 0, 0] } ......!
Rceiving CAN frame : CANFrame { _id: 294, _data_len: 3, _pad: 0, _res0: 0, _res1: 0, _data: [170, 177, 254, 0, 0, 0, 0, 0] } ......!
Rceiving CAN frame : CANFrame { _id: 294, _data_len: 3, _pad: 0, _res0: 0, _res1: 0, _data: [170, 177, 254, 0, 0, 0, 0, 0] } ......!
Rceiving CAN frame : CANFrame { _id: 294, _data_len: 3, _pad: 0, _res0: 0, _res1: 0, _data: [170, 177, 254, 0, 0, 0, 0, 0] } ......!
Rceiving CAN frame : CANFrame { _id: 294, _data_len: 3, _pad: 0, _res0: 0, _res1: 0, _data: [170, 177, 254, 0, 0, 0, 0, 0] } ......!
Rceiving CAN frame : CANFrame { _id: 294, _data_len: 3, _pad: 0, _res0: 0, _res1: 0, _data: [170, 177, 254, 0, 0, 0, 0, 0] } ......!
Rceiving CAN frame : CANFrame { _id: 294, _data_len: 3, _pad: 0, _res0: 0, _res1: 0, _data: [170, 177, 254, 0, 0, 0, 0, 0] } ......!
Rceiving CAN frame : CANFrame { _id: 294, _data_len: 3, _pad: 0, _res0: 0, _res1: 0, _data: [170, 177, 254, 0, 0, 0, 0, 0] } ......!
Rceiving CAN frame : CANFrame { _id: 294, _data_len: 3, _pad: 0, _res0: 0, _res1: 0, _data: [170, 177, 254, 0, 0, 0, 0, 0] } ......!
Rceiving CAN frame : CANFrame { _id: 294, _data_len: 3, _pad: 0, _res0: 0, _res1: 0, _data: [170, 177, 254, 0, 0, 0, 0, 0] } ......!
Rceiving CAN frame : CANFrame { _id: 294, _data_len: 3, _pad: 0, _res0: 0, _res1: 0, _data: [170, 177, 254, 0, 0, 0, 0, 0] } ......!
Rceiving CAN frame : CANFrame { _id: 294, _data_len: 3, _pad: 0, _res0: 0, _res1: 0, _data: [170, 177, 254, 0, 0, 0, 0, 0] } ......!
Rceiving CAN frame : CANFrame { _id: 294, _data_len: 3, _pad: 0, _res0: 0, _res1: 0, _data: [170, 177, 254, 0, 0, 0, 0, 0] } ......!
Rceiving CAN frame : CANFrame { _id: 294, _data_len: 3, _pad: 0, _res0: 0, _res1: 0, _data: [170, 177, 254, 0, 0, 0, 0, 0] } ......!
Rceiving CAN frame : CANFrame { _id: 294, _data_len: 3, _pad: 0, _res0: 0, _res1: 0, _data: [170, 177, 254, 0, 0, 0, 0, 0] } ......!
Rceiving CAN frame : CANFrame { _id: 294, _data_len: 3, _pad: 0, _res0: 0, _res1: 0, _data: [170, 177, 254, 0, 0, 0, 0, 0] } ......!
Rceiving CAN frame : CANFrame { _id: 294, _data_len: 3, _pad: 0, _res0: 0, _res1: 0, _data: [170, 177, 254, 0, 0, 0, 0, 0] } ......!
Rceiving CAN frame : CANFrame { _id: 294, _data_len: 3, _pad: 0, _res0: 0, _res1: 0, _data: [170, 177, 254, 0, 0, 0, 0, 0] } ......!
Rceiving CAN frame : CANFrame { _id: 294, _data_len: 3, _pad: 0, _res0: 0, _res1: 0, _data: [170, 177, 254, 0, 0, 0, 0, 0] } ......!
Rceiving CAN frame : CANFrame { _id: 294, _data_len: 3, _pad: 0, _res0: 0, _res1: 0, _data: [170, 177, 254, 0, 0, 0, 0, 0] } ......!
Rceiving CAN frame : CANFrame { _id: 294, _data_len: 3, _pad: 0, _res0: 0, _res1: 0, _data: [170, 177, 254, 0, 0, 0, 0, 0] } ......!
Rceiving CAN frame : CANFrame { _id: 294, _data_len: 3, _pad: 0, _res0: 0, _res1: 0, _data: [170, 177, 254, 0, 0, 0, 0, 0] } ......!
Rceiving CAN frame : CANFrame { _id: 294, _data_len: 3, _pad: 0, _res0: 0, _res1: 0, _data: [170, 177, 254, 0, 0, 0, 0, 0] } ......!
Rceiving CAN frame : CANFrame { _id: 294, _data_len: 3, _pad: 0, _res0: 0, _res1: 0, _data: [170, 177, 254, 0, 0, 0, 0, 0] } ......!
Rceiving CAN frame : CANFrame { _id: 294, _data_len: 3, _pad: 0, _res0: 0, _res1: 0, _data: [170, 177, 254, 0, 0, 0, 0, 0] } ......!
Rceiving CAN frame : CANFrame { _id: 294, _data_len: 3, _pad: 0, _res0: 0, _res1: 0, _data: [170, 177, 254, 0, 0, 0, 0, 0] } ......!
Rceiving CAN frame : CANFrame { _id: 294, _data_len: 3, _pad: 0, _res0: 0, _res1: 0, _data: [170, 177, 254, 0, 0, 0, 0, 0] } ......!
Rceiving CAN frame : CANFrame { _id: 294, _data_len: 3, _pad: 0, _res0: 0, _res1: 0, _data: [170, 177, 254, 0, 0, 0, 0, 0] } ......!
Rceiving CAN frame : CANFrame { _id: 294, _data_len: 3, _pad: 0, _res0: 0, _res1: 0, _data: [170, 177, 254, 0, 0, 0, 0, 0] } ......!
Rceiving CAN frame : CANFrame { _id: 294, _data_len: 3, _pad: 0, _res0: 0, _res1: 0, _data: [170, 177, 254, 0, 0, 0, 0, 0] } ......!
Rceiving CAN frame : CANFrame { _id: 294, _data_len: 3, _pad: 0, _res0: 0, _res1: 0, _data: [170, 177, 254, 0, 0, 0, 0, 0] } ......!
Rceiving CAN frame : CANFrame { _id: 294, _data_len: 3, _pad: 0, _res0: 0, _res1: 0, _data: [170, 177, 254, 0, 0, 0, 0, 0] } ......!
Rceiving CAN frame : CANFrame { _id: 294, _data_len: 3, _pad: 0, _res0: 0, _res1: 0, _data: [170, 177, 254, 0, 0, 0, 0, 0] } ......!
Rceiving CAN frame : CANFrame { _id: 294, _data_len: 3, _pad: 0, _res0: 0, _res1: 0, _data: [170, 177, 254, 0, 0, 0, 0, 0] } ......!
Rceiving CAN frame : CANFrame { _id: 294, _data_len: 3, _pad: 0, _res0: 0, _res1: 0, _data: [170, 177, 254, 0, 0, 0, 0, 0] } ......!
Rceiving CAN frame : CANFrame { _id: 294, _data_len: 3, _pad: 0, _res0: 0, _res1: 0, _data: [170, 177, 254, 0, 0, 0, 0, 0] } ......!
